I'm sorry, but errors were detected in your script. Please correct the
errors listed below, and try again.


File "game/ui_settings.rpy", line 50: choice expects a non-empty block.
    choice 15:
              ^

File "game/ui_settings.rpy", line 80: choice expects a non-empty block.
    choice 15:
              ^

Ren'Py Version: Ren'Py 8.0.3.22090809
Mon Feb  6 09:33:24 2023
